source.edit.kind.active:
  2:7-2:9 source.refactoring.range.kind.basename
source.edit.kind.active:
  3:3-3:5 source.refactoring.range.kind.basename
source.edit.kind.active:
  3:8-3:10 source.refactoring.range.kind.basename
